\BOOKMARK [0][-]{section*.1}{\376\377\000A\000b\000s\000t\000r\000a\000c\000t\000\040\000/\000\040\000R\000\351\000s\000u\000m\000\351}{}% 1
\BOOKMARK [0][-]{section*.3}{\376\377\000D\000e\000d\000i\000c\000a\000t\000i\000o\000n\000s}{}% 2
\BOOKMARK [0][-]{section*.5}{\376\377\000A\000c\000k\000n\000o\000w\000l\000e\000d\000g\000e\000m\000e\000n\000t\000s}{}% 3
\BOOKMARK [0][-]{section*.7}{\376\377\000L\000i\000s\000t\000\040\000o\000f\000\040\000F\000i\000g\000u\000r\000e\000s}{}% 4
\BOOKMARK [0][-]{section*.9}{\376\377\000L\000i\000s\000t\000\040\000o\000f\000\040\000T\000a\000b\000l\000e\000s}{}% 5
\BOOKMARK [0][-]{section*.12}{\376\377\000L\000i\000s\000t\000\040\000o\000f\000\040\000A\000b\000b\000r\000e\000v\000i\000a\000t\000i\000o\000n\000s}{}% 6
\BOOKMARK [0][-]{section*.14}{\376\377\000G\000e\000n\000e\000r\000a\000l\000\040\000I\000n\000t\000r\000o\000d\000u\000c\000t\000i\000o\000n}{}% 7
\BOOKMARK [0][-]{chapter.1}{\376\377\000G\000e\000n\000e\000r\000a\000l\000\040\000P\000r\000e\000s\000e\000n\000t\000a\000t\000i\000o\000n\000\040\000a\000n\000d\000\040\000C\000o\000n\000t\000e\000x\000t\000\040\000o\000f\000\040\000t\000h\000e\000\040\000I\000n\000t\000e\000r\000n\000s\000h\000i\000p}{}% 8
\BOOKMARK [1][-]{section*.15}{\376\377\000I\000n\000t\000r\000o\000d\000u\000c\000t\000i\000o\000n}{chapter.1}% 9
\BOOKMARK [1][-]{section.1.1}{\376\377\000H\000o\000s\000t\000\040\000o\000r\000g\000a\000n\000i\000s\000a\000t\000i\000o\000n}{chapter.1}% 10
\BOOKMARK [2][-]{subsection.1.1.1}{\376\377\000C\000o\000n\000c\000o\000r\000d\000i\000a\000\040\000U\000n\000i\000v\000e\000r\000s\000i\000t\000y}{section.1.1}% 11
\BOOKMARK [2][-]{subsection.1.1.2}{\376\377\000G\000i\000n\000a\000\040\000C\000o\000d\000y\000\040\000S\000c\000h\000o\000o\000l\000\040\000o\000f\000\040\000E\000n\000g\000i\000n\000e\000e\000r\000i\000n\000g\000\040\000a\000n\000d\000\040\000C\000o\000m\000p\000u\000t\000e\000r\000\040\000S\000c\000i\000e\000n\000c\000e}{section.1.1}% 12
\BOOKMARK [2][-]{subsection.1.1.3}{\376\377\000R\000e\000s\000e\000a\000r\000c\000h\000\040\000g\000r\000o\000u\000p\000,\000\040\000s\000u\000p\000e\000r\000v\000i\000s\000i\000o\000n\000,\000\040\000a\000n\000d\000\040\000r\000e\000s\000e\000a\000r\000c\000h\000\040\000a\000x\000e\000s}{section.1.1}% 13
\BOOKMARK [1][-]{section.1.2}{\376\377\000P\000r\000o\000b\000l\000e\000m\000\040\000s\000t\000a\000t\000e\000m\000e\000n\000t}{chapter.1}% 14
\BOOKMARK [1][-]{section.1.3}{\376\377\000O\000b\000j\000e\000c\000t\000i\000v\000e\000s\000\040\000a\000n\000d\000\040\000e\000x\000p\000e\000c\000t\000e\000d\000\040\000d\000e\000l\000i\000v\000e\000r\000a\000b\000l\000e\000s}{chapter.1}% 15
\BOOKMARK [1][-]{section.1.4}{\376\377\000W\000o\000r\000k\000i\000n\000g\000\040\000m\000e\000t\000h\000o\000d\000o\000l\000o\000g\000y}{chapter.1}% 16
\BOOKMARK [1][-]{section*.18}{\376\377\000C\000o\000n\000c\000l\000u\000s\000i\000o\000n}{chapter.1}% 17
\BOOKMARK [0][-]{chapter.2}{\376\377\000B\000a\000c\000k\000g\000r\000o\000u\000n\000d\000\040\000a\000n\000d\000\040\000l\000i\000t\000e\000r\000a\000t\000u\000r\000e\000\040\000r\000e\000v\000i\000e\000w}{}% 18
\BOOKMARK [1][-]{section*.19}{\376\377\000I\000n\000t\000r\000o\000d\000u\000c\000t\000i\000o\000n}{chapter.2}% 19
\BOOKMARK [1][-]{section*.20}{\376\377\000C\000o\000n\000c\000l\000u\000s\000i\000o\000n}{chapter.2}% 20
\BOOKMARK [0][-]{chapter.3}{\376\377\000A\000\040\000S\000y\000s\000t\000e\000m\000a\000t\000i\000c\000\040\000S\000u\000r\000v\000e\000y\000\040\000o\000f\000\040\000t\000h\000e\000\040\000T\000r\000u\000s\000t\000\040\000L\000a\000y\000e\000r\000\040\000o\000f\000\040\000R\000A\000G}{}% 21
\BOOKMARK [1][-]{section*.21}{\376\377\000I\000n\000t\000r\000o\000d\000u\000c\000t\000i\000o\000n}{chapter.3}% 22
\BOOKMARK [1][-]{section*.22}{\376\377\000C\000o\000n\000c\000l\000u\000s\000i\000o\000n}{chapter.3}% 23
\BOOKMARK [0][-]{chapter.4}{\376\377\000c\000h\000a\000p\000t\000e\000r\000\040\0004}{}% 24
\BOOKMARK [1][-]{section*.23}{\376\377\000I\000n\000t\000r\000o\000d\000u\000c\000t\000i\000o\000n}{chapter.4}% 25
\BOOKMARK [1][-]{section*.24}{\376\377\000C\000o\000n\000c\000l\000u\000s\000i\000o\000n}{chapter.4}% 26
\BOOKMARK [0][-]{chapter.5}{\376\377\000c\000h\000a\000p\000t\000e\000r\000\040\0005}{}% 27
\BOOKMARK [1][-]{section*.25}{\376\377\000I\000n\000t\000r\000o\000d\000u\000c\000t\000i\000o\000n}{chapter.5}% 28
\BOOKMARK [1][-]{section*.26}{\376\377\000C\000o\000n\000c\000l\000u\000s\000i\000o\000n}{chapter.5}% 29
\BOOKMARK [0][-]{section*.28}{\376\377\000C\000o\000n\000c\000l\000u\000s\000i\000o\000n\000\040\000a\000n\000d\000\040\000o\000u\000t\000l\000o\000o\000k}{}% 30
\BOOKMARK [0][-]{section*.29}{\376\377\000N\000e\000t\000o\000g\000r\000a\000p\000h\000y}{}% 31
