\BOOKMARK [0][-]{chapter.4}{\376\377\000E\000v\000i\000d\000e\000n\000c\000e\000-\000A\000w\000a\000r\000e\000\040\000E\000v\000a\000l\000u\000a\000t\000i\000o\000n\000\040\000o\000f\000\040\000Q\000u\000e\000s\000t\000i\000o\000n\000\040\000D\000e\000c\000o\000m\000p\000o\000s\000i\000t\000i\000o\000n}{}% 1
\BOOKMARK [1][-]{section.4.1}{\376\377\000P\000r\000o\000b\000l\000e\000m\000\040\000F\000o\000r\000m\000u\000l\000a\000t\000i\000o\000n}{chapter.4}% 2
\BOOKMARK [2][-]{subsection.4.1.1}{\376\377\000A\000\040\000D\000e\000c\000o\000m\000p\000o\000s\000i\000t\000i\000o\000n\000\040\000a\000s\000\040\000a\000n\000\040\000E\000x\000e\000c\000u\000t\000a\000b\000l\000e\000\040\000S\000e\000q\000u\000e\000n\000c\000e}{section.4.1}% 3
\BOOKMARK [2][-]{subsection.4.1.2}{\376\377\000A\000v\000a\000i\000l\000a\000b\000i\000l\000i\000t\000y\000,\000\040\000A\000s\000s\000i\000g\000n\000m\000e\000n\000t\000\040\000a\000n\000d\000\040\000E\000x\000e\000c\000u\000t\000i\000o\000n}{section.4.1}% 4
\BOOKMARK [1][-]{section.4.2}{\376\377\000R\000e\000t\000r\000i\000e\000v\000a\000l\000\040\000D\000e\000p\000t\000h\000\040\000a\000n\000d\000\040\000E\000v\000i\000d\000e\000n\000c\000e\000\040\000R\000e\000s\000p\000o\000n\000s\000i\000b\000i\000l\000i\000t\000y}{chapter.4}% 5
\BOOKMARK [2][-]{subsection.4.2.1}{\376\377\000T\000h\000e\000\040\000E\000v\000i\000d\000e\000n\000c\000e\000-\000R\000a\000n\000k\000\040\000M\000a\000t\000r\000i\000x}{section.4.2}% 6
\BOOKMARK [2][-]{subsection.4.2.2}{\376\377\000U\000n\000i\000o\000n\000\040\000D\000e\000p\000t\000h}{section.4.2}% 7
\BOOKMARK [2][-]{subsection.4.2.3}{\376\377\000O\000w\000n\000e\000r\000s\000h\000i\000p\000-\000M\000a\000s\000k\000e\000d\000\040\000D\000e\000p\000t\000h}{section.4.2}% 8
\BOOKMARK [2][-]{subsection.4.2.4}{\376\377\000C\000o\000v\000e\000r\000a\000g\000e\000\040\000a\000n\000d\000\040\000a\000n\000\040\000A\000g\000g\000r\000e\000g\000a\000t\000e\000\040\000D\000e\000p\000t\000h\000\040\000S\000c\000o\000r\000e}{section.4.2}% 9
\BOOKMARK [1][-]{section.4.3}{\376\377\000L\000e\000a\000r\000n\000i\000n\000g\000\040\000t\000h\000e\000\040\000O\000w\000n\000e\000r\000s\000h\000i\000p\000\040\000M\000a\000s\000k}{chapter.4}% 10
\BOOKMARK [2][-]{subsection.4.3.1}{\376\377\000S\000u\000p\000e\000r\000v\000i\000s\000i\000o\000n\000\040\000f\000r\000o\000m\000\040\000R\000e\000f\000e\000r\000e\000n\000c\000e\000\040\000D\000e\000c\000o\000m\000p\000o\000s\000i\000t\000i\000o\000n\000s}{section.4.3}% 11
\BOOKMARK [2][-]{subsection.4.3.2}{\376\377\000T\000e\000x\000t\000u\000a\000l\000\040\000a\000n\000d\000\040\000C\000o\000n\000t\000e\000x\000t\000u\000a\000l\000\040\000F\000e\000a\000t\000u\000r\000e\000s}{section.4.3}% 12
\BOOKMARK [2][-]{subsection.4.3.3}{\376\377\000F\000i\000t\000t\000i\000n\000g\000,\000\040\000T\000h\000r\000e\000s\000h\000o\000l\000d\000\040\000S\000e\000l\000e\000c\000t\000i\000o\000n\000\040\000a\000n\000d\000\040\000E\000n\000s\000e\000m\000b\000l\000e\000\040\000D\000e\000c\000i\000s\000i\000o\000n}{section.4.3}% 13
\BOOKMARK [2][-]{subsection.4.3.4}{\376\377\000H\000o\000w\000\040\000A\000s\000s\000i\000g\000n\000m\000e\000n\000t\000\040\000E\000r\000r\000o\000r\000\040\000C\000h\000a\000n\000g\000e\000s\000\040\000t\000h\000e\000\040\000D\000e\000p\000t\000h\000\040\000M\000e\000a\000s\000u\000r\000e\000m\000e\000n\000t}{section.4.3}% 14
\BOOKMARK [1][-]{section.4.4}{\376\377\000E\000x\000p\000e\000r\000i\000m\000e\000n\000t\000a\000l\000\040\000P\000r\000o\000t\000o\000c\000o\000l}{chapter.4}% 15
\BOOKMARK [2][-]{subsection.4.4.1}{\376\377\000S\000y\000s\000t\000e\000m\000s\000\040\000a\000n\000d\000\040\000R\000e\000t\000a\000i\000n\000e\000d\000\040\000E\000x\000e\000c\000u\000t\000i\000o\000n\000s}{section.4.4}% 16
\BOOKMARK [2][-]{subsection.4.4.2}{\376\377\000M\000e\000t\000r\000i\000c\000s\000\040\000a\000n\000d\000\040\000C\000o\000m\000p\000a\000r\000i\000s\000o\000n\000\040\000U\000n\000i\000t\000s}{section.4.4}% 17
\BOOKMARK [1][-]{section.4.5}{\376\377\000R\000e\000s\000u\000l\000t\000s}{chapter.4}% 18
\BOOKMARK [2][-]{subsection.4.5.1}{\376\377\000O\000w\000n\000e\000r\000s\000h\000i\000p\000\040\000R\000e\000c\000o\000v\000e\000r\000y\000\040\000o\000n\000\040\000R\000e\000f\000e\000r\000e\000n\000c\000e\000-\000S\000t\000y\000l\000e\000\040\000A\000r\000m\000s}{section.4.5}% 19
\BOOKMARK [2][-]{subsection.4.5.2}{\376\377\000S\000e\000n\000s\000i\000t\000i\000v\000i\000t\000y\000\040\000t\000o\000\040\000t\000h\000e\000\040\000A\000t\000t\000r\000i\000b\000u\000t\000i\000o\000n\000\040\000M\000o\000d\000e\000l}{section.4.5}% 20
\BOOKMARK [2][-]{subsection.4.5.3}{\376\377\000E\000v\000i\000d\000e\000n\000c\000e\000\040\000A\000v\000a\000i\000l\000a\000b\000i\000l\000i\000t\000y\000\040\000a\000n\000d\000\040\000F\000i\000n\000a\000l\000\040\000A\000n\000s\000w\000e\000r\000s}{section.4.5}% 21
\BOOKMARK [2][-]{subsection.4.5.4}{\376\377\000T\000h\000e\000\040\000R\000o\000l\000e\000\040\000o\000f\000\040\000I\000n\000t\000e\000r\000m\000e\000d\000i\000a\000t\000e\000\040\000B\000i\000n\000d\000i\000n\000g\000s}{section.4.5}% 22
\BOOKMARK [1][-]{section.4.6}{\376\377\000D\000e\000p\000t\000h\000\040\000U\000n\000d\000e\000r\000\040\000a\000\040\000T\000o\000t\000a\000l\000\040\000P\000a\000s\000s\000a\000g\000e\000\040\000B\000u\000d\000g\000e\000t}{chapter.4}% 23
\BOOKMARK [2][-]{subsection.4.6.1}{\376\377\000E\000q\000u\000a\000l\000-\000A\000l\000l\000o\000c\000a\000t\000i\000o\000n\000\040\000R\000e\000p\000l\000a\000y}{section.4.6}% 24
\BOOKMARK [2][-]{subsection.4.6.2}{\376\377\000A\000\040\000F\000i\000x\000e\000d\000-\000L\000i\000s\000t\000\040\000O\000r\000a\000c\000l\000e\000\040\000A\000l\000l\000o\000c\000a\000t\000i\000o\000n}{section.4.6}% 25
\BOOKMARK [2][-]{subsection.4.6.3}{\376\377\000A\000l\000l\000o\000c\000a\000t\000i\000o\000n\000\040\000H\000e\000a\000d\000r\000o\000o\000m\000\040\000o\000n\000\040\000t\000h\000e\000\040\000R\000e\000c\000o\000r\000d\000e\000d\000\040\000L\000i\000s\000t\000s}{section.4.6}% 26
\BOOKMARK [1][-]{section.4.7}{\376\377\000A\000\040\000C\000r\000o\000s\000s\000-\000B\000e\000n\000c\000h\000m\000a\000r\000k\000\040\000F\000i\000x\000e\000d\000-\000T\000r\000a\000c\000e\000\040\000S\000t\000u\000d\000y}{chapter.4}% 27
\BOOKMARK [2][-]{subsection.4.7.1}{\376\377\000R\000e\000t\000r\000i\000e\000v\000a\000l\000\040\000R\000e\000g\000i\000m\000e\000\040\000a\000n\000d\000\040\000E\000v\000a\000l\000u\000a\000t\000i\000o\000n\000\040\000P\000o\000p\000u\000l\000a\000t\000i\000o\000n}{section.4.7}% 28
\BOOKMARK [2][-]{subsection.4.7.2}{\376\377\000M\000a\000t\000c\000h\000e\000d\000\040\000P\000a\000s\000s\000a\000g\000e\000-\000S\000l\000o\000t\000\040\000F\000r\000o\000n\000t\000i\000e\000r\000s}{section.4.7}% 29
\BOOKMARK [2][-]{subsection.4.7.3}{\376\377\000R\000e\000f\000e\000r\000e\000n\000c\000e\000\040\000a\000n\000d\000\040\000G\000e\000n\000e\000r\000a\000t\000e\000d\000\040\000Q\000u\000e\000r\000y\000\040\000R\000e\000g\000i\000m\000e\000s}{section.4.7}% 30
\BOOKMARK [1][-]{section.4.8}{\376\377\000D\000i\000s\000c\000u\000s\000s\000i\000o\000n\000\040\000a\000n\000d\000\040\000I\000m\000p\000l\000i\000c\000a\000t\000i\000o\000n\000s\000\040\000f\000o\000r\000\040\000O\000p\000t\000i\000m\000i\000s\000a\000t\000i\000o\000n}{chapter.4}% 31
\BOOKMARK [0][-]{chapter.5}{\376\377\000O\000p\000t\000i\000m\000i\000s\000i\000n\000g\000\040\000Q\000u\000e\000s\000t\000i\000o\000n\000\040\000D\000e\000c\000o\000m\000p\000o\000s\000i\000t\000i\000o\000n\000\040\000a\000n\000d\000\040\000E\000v\000i\000d\000e\000n\000c\000e\000\040\000A\000l\000l\000o\000c\000a\000t\000i\000o\000n}{}% 32
\BOOKMARK [1][-]{section.5.1}{\376\377\000T\000h\000e\000\040\000O\000p\000t\000i\000m\000i\000s\000a\000t\000i\000o\000n\000\040\000P\000r\000o\000b\000l\000e\000m}{chapter.5}% 33
\BOOKMARK [2][-]{subsection.5.1.1}{\376\377\000A\000n\000\040\000I\000n\000s\000t\000r\000u\000c\000t\000i\000o\000n\000\040\000D\000e\000f\000i\000n\000e\000s\000\040\000a\000n\000\040\000E\000x\000e\000c\000u\000t\000a\000b\000l\000e\000\040\000P\000o\000l\000i\000c\000y}{section.5.1}% 34
\BOOKMARK [2][-]{subsection.5.1.2}{\376\377\000T\000h\000e\000\040\000R\000e\000t\000a\000i\000n\000e\000d\000\040\000R\000e\000t\000r\000i\000e\000v\000a\000l\000\040\000O\000b\000j\000e\000c\000t\000i\000v\000e}{section.5.1}% 35
\BOOKMARK [2][-]{subsection.5.1.3}{\376\377\000A\000n\000s\000w\000e\000r\000\040\000Q\000u\000a\000l\000i\000t\000y\000\040\000a\000n\000d\000\040\000R\000e\000s\000o\000u\000r\000c\000e\000\040\000U\000s\000e}{section.5.1}% 36
\BOOKMARK [1][-]{section.5.2}{\376\377\000T\000h\000e\000\040\000C\000o\000m\000p\000l\000e\000t\000e\000d\000\040\000O\000P\000R\000O\000\040\000S\000e\000a\000r\000c\000h}{chapter.5}% 37
\BOOKMARK [2][-]{subsection.5.2.1}{\376\377\000S\000e\000a\000r\000c\000h\000\040\000C\000o\000n\000f\000i\000g\000u\000r\000a\000t\000i\000o\000n}{section.5.2}% 38
\BOOKMARK [2][-]{subsection.5.2.2}{\376\377\000P\000r\000o\000p\000o\000s\000a\000l\000\040\000a\000n\000d\000\040\000S\000e\000l\000e\000c\000t\000i\000o\000n\000\040\000L\000o\000o\000p}{section.5.2}% 39
\BOOKMARK [2][-]{subsection.5.2.3}{\376\377\000T\000h\000e\000\040\000F\000e\000e\000d\000b\000a\000c\000k\000\040\000S\000u\000p\000p\000l\000i\000e\000d\000\040\000t\000o\000\040\000t\000h\000e\000\040\000O\000p\000t\000i\000m\000i\000z\000e\000r}{section.5.2}% 40
\BOOKMARK [1][-]{section.5.3}{\376\377\000R\000e\000s\000u\000l\000t\000s\000\040\000o\000f\000\040\000t\000h\000e\000\040\000P\000i\000l\000o\000t}{chapter.5}% 41
\BOOKMARK [2][-]{subsection.5.3.1}{\376\377\000P\000r\000o\000g\000r\000e\000s\000s\000\040\000A\000c\000r\000o\000s\000s\000\040\000S\000e\000a\000r\000c\000h\000\040\000R\000o\000u\000n\000d\000s}{section.5.3}% 42
\BOOKMARK [2][-]{subsection.5.3.2}{\376\377\000T\000h\000e\000\040\000S\000e\000l\000e\000c\000t\000e\000d\000\040\000I\000n\000s\000t\000r\000u\000c\000t\000i\000o\000n}{section.5.3}% 43
\BOOKMARK [2][-]{subsection.5.3.3}{\376\377\000T\000h\000e\000\040\000O\000p\000t\000i\000m\000i\000s\000a\000t\000i\000o\000n\000\040\000O\000b\000j\000e\000c\000t\000i\000v\000e\000\040\000a\000n\000d\000\040\000t\000h\000e\000\040\000A\000n\000s\000w\000e\000r\000\040\000O\000b\000j\000e\000c\000t\000i\000v\000e}{section.5.3}% 44
\BOOKMARK [1][-]{section.5.4}{\376\377\000L\000e\000a\000r\000n\000e\000d\000\040\000A\000l\000l\000o\000c\000a\000t\000i\000o\000n\000\040\000o\000n\000\040\000F\000i\000x\000e\000d\000\040\000R\000e\000t\000r\000i\000e\000v\000a\000l\000\040\000T\000r\000a\000c\000e\000s}{chapter.5}% 45
\BOOKMARK [2][-]{subsection.5.4.1}{\376\377\000T\000h\000e\000\040\000A\000l\000l\000o\000c\000a\000t\000i\000o\000n\000\040\000I\000n\000t\000e\000r\000v\000e\000n\000t\000i\000o\000n}{section.5.4}% 46
\BOOKMARK [2][-]{subsection.5.4.2}{\376\377\000P\000r\000e\000d\000i\000c\000t\000i\000n\000g\000\040\000P\000e\000r\000-\000A\000r\000m\000\040\000D\000e\000p\000t\000h\000\040\000R\000e\000q\000u\000i\000r\000e\000m\000e\000n\000t\000s}{section.5.4}% 47
\BOOKMARK [2][-]{subsection.5.4.3}{\376\377\000S\000e\000g\000m\000e\000n\000t\000\040\000a\000n\000d\000\040\000U\000n\000i\000t\000-\000I\000n\000c\000r\000e\000m\000e\000n\000t\000\040\000A\000l\000l\000o\000c\000a\000t\000i\000o\000n}{section.5.4}% 48
\BOOKMARK [2][-]{subsection.5.4.4}{\376\377\000E\000v\000a\000l\000u\000a\000t\000i\000o\000n\000\040\000P\000o\000p\000u\000l\000a\000t\000i\000o\000n\000\040\000a\000n\000d\000\040\000C\000r\000o\000s\000s\000-\000V\000a\000l\000i\000d\000a\000t\000i\000o\000n}{section.5.4}% 49
\BOOKMARK [2][-]{subsection.5.4.5}{\376\377\000C\000o\000v\000e\000r\000a\000g\000e\000\040\000a\000n\000d\000\040\000T\000a\000r\000g\000e\000t\000\040\000B\000u\000d\000g\000e\000t\000s}{section.5.4}% 50
\BOOKMARK [2][-]{subsection.5.4.6}{\376\377\000P\000a\000i\000r\000e\000d\000\040\000F\000i\000n\000a\000l\000-\000A\000n\000s\000w\000e\000r\000\040\000E\000v\000a\000l\000u\000a\000t\000i\000o\000n}{section.5.4}% 51
\BOOKMARK [2][-]{subsection.5.4.7}{\376\377\000E\000x\000p\000l\000o\000r\000a\000t\000o\000r\000y\000\040\000H\000i\000d\000d\000e\000n\000-\000S\000t\000a\000t\000e\000\040\000P\000r\000e\000d\000i\000c\000t\000i\000o\000n\000\040\000o\000f\000\040\000A\000s\000s\000i\000g\000n\000e\000d\000\040\000D\000e\000p\000t\000h}{section.5.4}% 52
\BOOKMARK [1][-]{section.5.5}{\376\377\000E\000v\000i\000d\000e\000n\000c\000e\000-\000A\000w\000a\000r\000e\000\040\000F\000e\000e\000d\000b\000a\000c\000k\000\040\000f\000o\000r\000\040\000P\000r\000o\000m\000p\000t\000\040\000S\000e\000a\000r\000c\000h}{chapter.5}% 53
\BOOKMARK [2][-]{subsection.5.5.1}{\376\377\000S\000e\000p\000a\000r\000a\000t\000i\000n\000g\000\040\000R\000e\000w\000a\000r\000d\000\040\000f\000r\000o\000m\000\040\000D\000i\000a\000g\000n\000o\000s\000t\000i\000c\000\040\000I\000n\000f\000o\000r\000m\000a\000t\000i\000o\000n}{section.5.5}% 54
\BOOKMARK [2][-]{subsection.5.5.2}{\376\377\000O\000b\000s\000e\000r\000v\000e\000d\000\040\000E\000v\000e\000n\000t\000s\000\040\000a\000n\000d\000\040\000E\000s\000t\000i\000m\000a\000t\000e\000d\000\040\000A\000s\000s\000i\000g\000n\000m\000e\000n\000t\000s}{section.5.5}% 55
\BOOKMARK [2][-]{subsection.5.5.3}{\376\377\000R\000e\000f\000l\000e\000c\000t\000i\000v\000e\000\040\000S\000e\000a\000r\000c\000h\000\040\000w\000i\000t\000h\000\040\000a\000\040\000F\000i\000x\000e\000d\000\040\000E\000x\000e\000c\000u\000t\000i\000o\000n\000\040\000I\000n\000t\000e\000r\000f\000a\000c\000e}{section.5.5}% 56
\BOOKMARK [1][-]{section.5.6}{\376\377\000I\000n\000d\000e\000p\000e\000n\000d\000e\000n\000t\000\040\000E\000v\000a\000l\000u\000a\000t\000i\000o\000n\000\040\000D\000e\000s\000i\000g\000n}{chapter.5}% 57
\BOOKMARK [2][-]{subsection.5.6.1}{\376\377\000F\000r\000o\000z\000e\000n\000\040\000D\000a\000t\000a\000\040\000R\000o\000l\000e\000s\000\040\000a\000n\000d\000\040\000C\000o\000r\000p\000u\000s\000\040\000S\000c\000o\000p\000e}{section.5.6}% 58
\BOOKMARK [2][-]{subsection.5.6.2}{\376\377\000C\000o\000m\000p\000a\000r\000a\000t\000o\000r\000s\000\040\000a\000n\000d\000\040\000S\000e\000a\000r\000c\000h\000\040\000A\000l\000l\000o\000w\000a\000n\000c\000e\000s}{section.5.6}% 59
\BOOKMARK [2][-]{subsection.5.6.3}{\376\377\000O\000u\000t\000c\000o\000m\000e\000\040\000A\000n\000a\000l\000y\000s\000i\000s\000\040\000a\000n\000d\000\040\000C\000o\000s\000t\000\040\000A\000c\000c\000o\000u\000n\000t\000i\000n\000g}{section.5.6}% 60
\BOOKMARK [2][-]{subsection.5.6.4}{\376\377\000S\000e\000p\000a\000r\000a\000t\000i\000n\000g\000\040\000P\000r\000o\000m\000p\000t\000\040\000a\000n\000d\000\040\000A\000l\000l\000o\000c\000a\000t\000i\000o\000n\000\040\000E\000f\000f\000e\000c\000t\000s}{section.5.6}% 61
\BOOKMARK [2][-]{subsection.5.6.5}{\376\377\000C\000o\000n\000t\000r\000o\000l\000l\000e\000d\000\040\000C\000h\000e\000c\000k\000s\000\040\000o\000f\000\040\000t\000h\000e\000\040\000D\000i\000a\000g\000n\000o\000s\000t\000i\000c\000\040\000R\000e\000p\000r\000e\000s\000e\000n\000t\000a\000t\000i\000o\000n}{section.5.6}% 62
\BOOKMARK [1][-]{section.5.7}{\376\377\000D\000i\000s\000c\000u\000s\000s\000i\000o\000n}{chapter.5}% 63
\BOOKMARK [2][-]{subsection.5.7.1}{\376\377\000W\000h\000a\000t\000\040\000t\000h\000e\000\040\000C\000o\000m\000p\000l\000e\000t\000e\000d\000\040\000E\000x\000p\000e\000r\000i\000m\000e\000n\000t\000\040\000E\000s\000t\000a\000b\000l\000i\000s\000h\000e\000s}{section.5.7}% 64
\BOOKMARK [2][-]{subsection.5.7.2}{\376\377\000T\000h\000e\000\040\000S\000c\000o\000p\000e\000\040\000o\000f\000\040\000t\000h\000e\000\040\000E\000v\000i\000d\000e\000n\000c\000e\000-\000F\000e\000e\000d\000b\000a\000c\000k\000\040\000E\000x\000t\000e\000n\000s\000i\000o\000n}{section.5.7}% 65
